<html>
<body>
<pre>
<h1>µVision Build Log</h1>
<h2>Tool Versions:</h2>
IDE-Version: ¦ÌVision V5.35.0.0
Copyright (C) 2021 ARM Ltd and ARM Germany GmbH. All rights reserved.
License Information: pu rui, ant, LIC=JL28G-VUHUB-IIZ5V-PJAZJ-MJ3CI-LX65N
 
Tool Versions:
Toolchain:       MDK-ARM Plus  Version: 5.35.0.2
Toolchain Path:  D:\Keil_v5\ARM\ARMCC\Bin
C Compiler:      Armcc.exe V5.06 update 7 (build 960)
Assembler:       Armasm.exe V5.06 update 7 (build 960)
Linker/Locator:  ArmLink.exe V5.06 update 7 (build 960)
Library Manager: ArmAr.exe V5.06 update 7 (build 960)
Hex Converter:   FromElf.exe V5.06 update 7 (build 960)
CPU DLL:         SARMCM3.DLL V5.35.0.2
Dialog DLL:      DCM.DLL V1.17.3.0
Target DLL:      STLink\ST-LINKIII-KEIL_SWO.dll V3.0.9.0
Dialog DLL:      TCM.DLL V1.53.0.0
 
<h2>Project:</h2>
F:\mcu\stm32\TuTu_RC\MDK-ARM\TuTu_RC.uvprojx
Project File Date:  10/05/2024

<h2>Output:</h2>
*** Using Compiler 'V5.06 update 7 (build 960)', folder: 'D:\Keil_v5\ARM\ARMCC\Bin'
Rebuild target 'TuTu_RC'
Note: source file '..\u8g2\mui_u8g2.c' - object file renamed from 'TuTu_RC\mui_u8g2.o' to 'TuTu_RC\mui_u8g2_1.o'.
assembling startup_stm32f103xb.s...
compiling i2c.c...
compiling stm32f1xx_hal_msp.c...
compiling spi.c...
compiling gpio.c...
compiling adc.c...
compiling stm32f1xx_it.c...
compiling dma.c...
compiling usart.c...
compiling tim.c...
compiling main.c...
compiling oled_u8g2.c...
compiling stm32f1xx_hal_gpio_ex.c...
compiling com_rc.c...
compiling stm32f1xx_hal_rcc_ex.c...
compiling stm32f1xx_hal.c...
compiling nrf24l01.c...
compiling stm32f1xx_hal_gpio.c...
compiling stm32f1xx_hal_adc_ex.c...
compiling stm32f1xx_hal_adc.c...
compiling stm32f1xx_hal_dma.c...
compiling stm32f1xx_hal_rcc.c...
compiling rc.c...
compiling stm32f1xx_hal_cortex.c...
compiling stm32f1xx_hal_flash.c...
compiling system_stm32f1xx.c...
compiling stm32f1xx_hal_exti.c...
compiling stm32f1xx_hal_flash_ex.c...
compiling stm32f1xx_hal_pwr.c...
compiling mui.c...
..\u8g2\mui.c(591): warning:  #177-D: function "mui_task_read_nth_selectable_field"  was declared but never referenced
  static uint8_t mui_task_read_nth_selectable_field(mui_t *ui)
..\u8g2\mui.c: 1 warning, 0 errors
compiling u8g2_arc.c...
compiling u8g2_bitmap.c...
compiling u8g2_box.c...
compiling u8g2_buffer.c...
compiling stm32f1xx_hal_tim_ex.c...
compiling stm32f1xx_hal_spi.c...
compiling stm32f1xx_hal_uart.c...
compiling u8g2_button.c...
compiling u8g2_cleardisplay.c...
compiling u8g2_d_memory.c...
compiling u8g2_d_setup.c...
compiling mui_u8g2.c...
..\u8g2\mui_u8g2.c(1256): warning:  #177-D: variable "s"  was declared but never referenced
    char *s = buf;
..\u8g2\mui_u8g2.c: 1 warning, 0 errors
compiling u8g2_circle.c...
compiling u8g2_hvline.c...
compiling u8g2_input_value.c...
compiling stm32f1xx_hal_i2c.c...
compiling u8g2_intersection.c...
compiling u8g2_kerning.c...
compiling u8g2_font.c...
compiling u8g2_line.c...
compiling u8g2_ll_hvline.c...
compiling u8g2_message.c...
compiling stm32f1xx_hal_tim.c...
compiling u8log.c...
compiling u8g2_polygon.c...
compiling u8log_u8x8.c...
compiling u8log_u8g2.c...
compiling u8g2_selection_list.c...
compiling u8g2_setup.c...
compiling u8x8_8x8.c...
compiling u8x8_capture.c...
compiling u8x8_byte.c...
compiling u8x8_debounce.c...
compiling u8x8_d_ssd1306_128x64_noname.c...
compiling u8x8_display.c...
compiling u8x8_cad.c...
compiling u8x8_gpio.c...
compiling u8x8_fonts.c...
compiling u8x8_input_value.c...
compiling u8x8_message.c...
compiling u8x8_setup.c...
compiling u8x8_selection_list.c...
compiling u8x8_string.c...
compiling u8x8_u8toa.c...
compiling u8x8_u16toa.c...
compiling mpu6050.c...
compiling mpuiic.c...
compiling u8g2_fonts.c...
compiling inv_mpu_dmp_motion_driver.c...
compiling inv_mpu.c...
linking...
Program Size: Code=18362 RO-data=714 RW-data=40 ZI-data=2832  
FromELF: creating hex file...
"TuTu_RC\TuTu_RC.axf" - 0 Error(s), 2 Warning(s).

<h2>Software Packages used:</h2>

Package Vendor: ARM
                http://www.keil.com/pack/ARM.CMSIS.5.8.0.pack
                ARM.CMSIS.5.8.0
                CMSIS (Common Microcontroller Software Interface Standard)
   * Component: CORE Version: 5.5.0

Package Vendor: Keil
                https://www.keil.com/pack/Keil.STM32F1xx_DFP.2.4.1.pack
                Keil.STM32F1xx_DFP.2.4.1
                STMicroelectronics STM32F1 Series Device Support, Drivers and Examples

<h2>Collection of Component include folders:</h2>
  .\RTE\_TuTu_RC
  D:\Keil_v5\Packs\ARM\CMSIS\5.8.0\CMSIS\Core\Include
  D:\Keil_v5\Packs\Keil\STM32F1xx_DFP\2.4.1\Device\Include

<h2>Collection of Component Files used:</h2>

   * Component: ARM::CMSIS:CORE:5.5.0
Build Time Elapsed:  00:00:08
</pre>
</body>
</html>
